Loading coaching WAR data...
Loaded 1515 coach-season records

Calculating rolling average WAR...
  2-year rolling average: 1171 valid observations
  3-year rolling average: 879 valid observations
  4-year rolling average: 647 valid observations

Creating lagged datasets...

1-YEAR LAG (baseline):
  1163 consecutive season pairs

2-YEAR AVERAGE:
  871 observations with 2-year average

3-YEAR AVERAGE:
  640 observations with 3-year average

4-YEAR AVERAGE:
  469 observations with 4-year average

================================================================================
PERSISTENCE COMPARISON: Single Year vs Multi-Year Averages
================================================================================

1-YEAR:
  Sample size: 1163
  Pearson r: 0.2695 (p=0.000000)
  Spearman rho: 0.2599
  R²: 0.0727
  RMSE: 0.1102
  Regression coefficient: 0.2934 (persistence rate)

2-YEAR AVG:
  Sample size: 871
  Pearson r: 0.3227 (p=0.000000)
  Spearman rho: 0.3146
  R²: 0.1041
  RMSE: 0.1092
  Regression coefficient: 0.4549 (persistence rate)

3-YEAR AVG:
  Sample size: 640
  Pearson r: 0.2937 (p=0.000000)
  Spearman rho: 0.2850
  R²: 0.0863
  RMSE: 0.1084
  Regression coefficient: 0.4750 (persistence rate)

4-YEAR AVG:
  Sample size: 469
  Pearson r: 0.2846 (p=0.000000)
  Spearman rho: 0.2712
  R²: 0.0810
  RMSE: 0.1081
  Regression coefficient: 0.5029 (persistence rate)

================================================================================
SUMMARY TABLE
================================================================================
Time_Horizon    N  Pearson_r       R2  Coefficient     RMSE
      1-year 1163   0.269543 0.072653     0.293387 0.110174
  2-year avg  871   0.322653 0.104105     0.454933 0.109181
  3-year avg  640   0.293691 0.086255     0.474955 0.108352
  4-year avg  469   0.284621 0.081009     0.502885 0.108062

================================================================================
IMPROVEMENT OVER SINGLE-YEAR BASELINE
================================================================================

2-year avg:
  R² improvement: +43.3%
  RMSE improvement: +0.9%
  Persistence coefficient: 0.455 vs 0.293

3-year avg:
  R² improvement: +18.7%
  RMSE improvement: +1.7%
  Persistence coefficient: 0.475 vs 0.293

4-year avg:
  R² improvement: +11.5%
  RMSE improvement: +1.9%
  Persistence coefficient: 0.503 vs 0.293

Creating comparison visualizations...
  Saved: coaching_war_multiyear_persistence_scatter.png
  Saved: coaching_war_multiyear_persistence_summary.png

================================================================================
PERSISTENCE BY COACHING BACKGROUND
================================================================================

1-YEAR:
  Offensive: r=0.253, R²=0.064, n=587, p=0.0000
  Defensive: r=0.303, R²=0.092, n=493, p=0.0000
  Other: r=0.180, R²=0.032, n=83, p=0.1033

2-YEAR AVG:
  Offensive: r=0.263, R²=0.069, n=432, p=0.0000
  Defensive: r=0.425, R²=0.180, n=376, p=0.0000
  Other: r=0.070, R²=0.005, n=63, p=0.5869

3-YEAR AVG:
  Offensive: r=0.217, R²=0.047, n=311, p=0.0001
  Defensive: r=0.391, R²=0.153, n=280, p=0.0000
  Other: r=0.135, R²=0.018, n=49, p=0.3565

4-YEAR AVG:
  Offensive: r=0.196, R²=0.038, n=220, p=0.0035
  Defensive: r=0.367, R²=0.135, n=213, p=0.0000
  Other: r=0.136, R²=0.019, n=36, p=0.4290

================================================================================
OFFENSIVE vs DEFENSIVE COMPARISON (with Statistical Tests)
================================================================================

1-year:
  Offensive: R²=0.0640, r=0.2530, n=587
  Defensive: R²=0.0916, r=0.3027, n=493
  Difference: -0.0276
  Fisher's Z-test: Z=-0.8789, p=0.3795
  [*] NOT SIGNIFICANT (p >= 0.10)

2-year avg:
  Offensive: R²=0.0689, r=0.2626, n=432
  Defensive: R²=0.1804, r=0.4247, n=376
  Difference: -0.1115
  Fisher's Z-test: Z=-2.6076, p=0.0091
  [*] SIGNIFICANT (p < 0.05)

3-year avg:
  Offensive: R²=0.0470, r=0.2168, n=311
  Defensive: R²=0.1528, r=0.3910, n=280
  Difference: -0.1059
  Fisher's Z-test: Z=-2.3267, p=0.0200
  [*] SIGNIFICANT (p < 0.05)

4-year avg:
  Offensive: R²=0.0384, r=0.1960, n=220
  Defensive: R²=0.1347, r=0.3670, n=213
  Difference: -0.0963
  Fisher's Z-test: Z=-1.9256, p=0.0542
  [*] MARGINALLY SIGNIFICANT (p < 0.10)

================================================================================
ANALYSIS COMPLETE
================================================================================

Key Findings:

  Baseline (1-year): R² = 0.0727
  Best (2-year avg): R² = 0.1041
  Improvement: +43.3%

  Persistence coefficient:
    1-year: 0.293
    2-year avg: 0.455

  [+] Multi-year averaging SUBSTANTIALLY improves stability
      This suggests aggregation helps separate skill from noise

Results saved to analysis/outputs/csv/ and analysis/outputs/png/
